// Jest Snapshot v1, https://goo.gl/fbAQLP

exports[`PricingSection matches snapshot 1`] = `
<div>
  <section
    class="py-16 md:py-24 bg-gradient-to-b from-black to-[#0A0A0A] text-white"
  >
    <div
      class="max-w-7xl mx-auto px-6 sm:px-12 lg:px-16"
    >
      <div
        class="text-center mb-16"
        initial="[object Object]"
        transition="[object Object]"
        viewport="[object Object]"
        whileinview="[object Object]"
      >
        <h2
          class="text-4xl md:text-6xl font-bold mb-6"
        >
          Choose Your 
          <span
            class="text-[#5afcc0]"
          >
            Revenue
          </span>
           Plan
        </h2>
        <p
          class="text-xl text-white/80 max-w-3xl mx-auto"
        >
          Every plan is designed to pay for itself within the first month through increased sales and conversions.
        </p>
      </div>
      <div
        class="text-center mb-16"
      >
        <span
          class="inline-block text-sm font-semibold text-[#5afcc0] uppercase tracking-wider mb-3"
          initial="[object Object]"
          transition="[object Object]"
          viewport="[object Object]"
          whileinview="[object Object]"
        >
          Simple, Transparent Pricing
        </span>
        <h2
          class="text-3xl md:text-4xl font-bold text-white mb-6"
          initial="[object Object]"
          transition="[object Object]"
          viewport="[object Object]"
          whileinview="[object Object]"
        >
          Scale Your Content and 
          <span
            class="text-[#8D5AFF]"
          >
            Maximize Sales
          </span>
        </h2>
        <p
          class="text-xl text-white/80 max-w-3xl mx-auto mb-10"
          initial="[object Object]"
          transition="[object Object]"
          viewport="[object Object]"
          whileinview="[object Object]"
        >
          Select the plan that best fits your needs. All plans include our core AI-powered features.
        </p>
        <div
          class="inline-flex items-center bg-black/30 p-1 rounded-full border border-white/10 mb-12 backdrop-blur-sm"
          initial="[object Object]"
          transition="[object Object]"
          viewport="[object Object]"
          whileinview="[object Object]"
        >
          <button
            class="px-6 py-2 rounded-full text-sm font-medium transition-all bg-[#8D5AFF] text-white shadow-lg"
          >
            Annual
            <span
              class="ml-1 text-xs bg-[#5afcc0] text-black px-2 py-0.5 rounded-full"
            >
              Save 20%
            </span>
          </button>
          <button
            class="px-6 py-2 rounded-full text-sm font-medium transition-all text-white/60 hover:text-white"
          >
            Monthly
          </button>
        </div>
        <div
          class="grid md:grid-cols-3 gap-6 xl:gap-10"
        >
          <div
            class="relative rounded-2xl overflow-hidden backdrop-blur-sm border border-white/10 bg-black/40"
            initial="[object Object]"
            transition="[object Object]"
            viewport="[object Object]"
            whileinview="[object Object]"
          >
            <div
              class="p-8 relative"
            >
              <h3
                class="text-2xl font-bold text-white mb-2"
              >
                Lite
              </h3>
              <p
                class="text-white/60 mb-6 min-h-[40px]"
              >
                $20/month
              </p>
              <div
                class="flex items-baseline mb-6"
              >
                <span
                  class="text-4xl font-bold text-white"
                >
                  $
                  240
                </span>
                <span
                  class="text-white/60 ml-2"
                >
                  /year
                </span>
              </div>
              <div
                class="bg-[#5afcc0]/10 rounded-lg p-4 mb-6 border border-[#5afcc0]/20"
              >
                <div
                  class="flex items-start"
                >
                  <svg
                    class="h-5 w-5 text-[#5afcc0] mr-2 mt-0.5 flex-shrink-0"
                    data-testid="Sparkles-icon"
                  />
                  <div>
                    <p
                      class="text-[#5afcc0] font-medium"
                    >
                      Limited Time Bonuses
                    </p>
                    <p
                      class="text-sm text-white/70"
                    >
                      Template Generator & Hook Creator included ($899 value)
                    </p>
                  </div>
                </div>
              </div>
              <button
                class="w-full group relative py-3 px-6 rounded-lg font-semibold text-white transition-all duration-300 overflow-hidden mb-8 bg-[#8D5AFF] hover:bg-[#8D5AFF]/90"
              >
                <span
                  class="relative z-10"
                >
                  Select Plan
                </span>
                <svg
                  class="ml-2 h-5 w-5 inline transition-transform group-hover:translate-x-1"
                  data-testid="ChevronRight-icon"
                />
              </button>
              <div
                class="flex items-center justify-center text-sm text-white/60 mb-6"
              >
                <svg
                  class="h-4 w-4 mr-2 text-[#5afcc0]"
                  data-testid="Shield-icon"
                />
                <span>
                  10-day results guarantee
                </span>
              </div>
              <div
                class="space-y-3"
              >
                <p
                  class="text-sm font-medium text-white border-b border-white/10 pb-2 mb-3"
                >
                  FEATURES
                </p>
                <div
                  class="flex items-start"
                  initial="[object Object]"
                  transition="[object Object]"
                  viewport="[object Object]"
                  whileinview="[object Object]"
                >
                  <div
                    class="w-5 h-5 rounded-full bg-[#5afcc0]/10 flex items-center justify-center flex-shrink-0 mr-3 mt-0.5"
                  >
                    <svg
                      class="h-3 w-3 text-[#5afcc0]"
                      data-testid="Check-icon"
                    />
                  </div>
                  <span
                    class="text-white/80 text-sm"
                  >
                    Viral Blitz Cycle Framework (15 uses)
                  </span>
                </div>
                <div
                  class="flex items-start"
                  initial="[object Object]"
                  transition="[object Object]"
                  viewport="[object Object]"
                  whileinview="[object Object]"
                >
                  <div
                    class="w-5 h-5 rounded-full bg-[#5afcc0]/10 flex items-center justify-center flex-shrink-0 mr-3 mt-0.5"
                  >
                    <svg
                      class="h-3 w-3 text-[#5afcc0]"
                      data-testid="Check-icon"
                    />
                  </div>
                  <span
                    class="text-white/80 text-sm"
                  >
                    Idea Generator Framework (15 uses)
                  </span>
                </div>
                <div
                  class="flex items-start"
                  initial="[object Object]"
                  transition="[object Object]"
                  viewport="[object Object]"
                  whileinview="[object Object]"
                >
                  <div
                    class="w-5 h-5 rounded-full bg-[#5afcc0]/10 flex items-center justify-center flex-shrink-0 mr-3 mt-0.5"
                  >
                    <svg
                      class="h-3 w-3 text-[#5afcc0]"
                      data-testid="Check-icon"
                    />
                  </div>
                  <span
                    class="text-white/80 text-sm"
                  >
                    15 autoposts/month
                  </span>
                </div>
                <div
                  class="flex items-start"
                  initial="[object Object]"
                  transition="[object Object]"
                  viewport="[object Object]"
                  whileinview="[object Object]"
                >
                  <div
                    class="w-5 h-5 rounded-full bg-[#5afcc0]/10 flex items-center justify-center flex-shrink-0 mr-3 mt-0.5"
                  >
                    <svg
                      class="h-3 w-3 text-[#5afcc0]"
                      data-testid="Check-icon"
                    />
                  </div>
                  <span
                    class="text-white/80 text-sm"
                  >
                    Basic analytics (no e-commerce)
                  </span>
                </div>
              </div>
            </div>
          </div>
          <div
            class="relative rounded-2xl overflow-hidden backdrop-blur-sm border-2 border-[#8D5AFF]/50 bg-gradient-to-br from-black to-[#1A1A1A]"
            initial="[object Object]"
            transition="[object Object]"
            viewport="[object Object]"
            whileinview="[object Object]"
          >
            <div
              class="bg-gradient-to-r from-[#8D5AFF] to-[#5afcc0] text-white text-center py-3 font-semibold text-sm tracking-wider"
            >
              MOST POPULAR
            </div>
            <div
              class="p-8 relative"
            >
              <div
                class="absolute -top-20 -right-20 w-64 h-64 bg-[#8D5AFF]/20 rounded-full filter blur-3xl -z-10"
              />
              <h3
                class="text-2xl font-bold text-white mb-2"
              >
                Pro
              </h3>
              <p
                class="text-white/60 mb-6 min-h-[40px]"
              >
                $70/month
              </p>
              <div
                class="flex items-baseline mb-6"
              >
                <span
                  class="text-4xl font-bold text-white"
                >
                  $
                  840
                </span>
                <span
                  class="text-white/60 ml-2"
                >
                  /year
                </span>
              </div>
              <div
                class="bg-[#5afcc0]/10 rounded-lg p-4 mb-6 border border-[#5afcc0]/20"
              >
                <div
                  class="flex items-start"
                >
                  <svg
                    class="h-5 w-5 text-[#5afcc0] mr-2 mt-0.5 flex-shrink-0"
                    data-testid="Sparkles-icon"
                  />
                  <div>
                    <p
                      class="text-[#5afcc0] font-medium"
                    >
                      Limited Time Bonuses
                    </p>
                    <p
                      class="text-sm text-white/70"
                    >
                      Template Generator & Hook Creator included ($899 value)
                    </p>
                  </div>
                </div>
              </div>
              <button
                class="w-full group relative py-3 px-6 rounded-lg font-semibold text-white transition-all duration-300 overflow-hidden mb-8 bg-gradient-to-r from-[#8D5AFF] to-[#5afcc0] hover:shadow-lg hover:shadow-[#8D5AFF]/20"
              >
                <span
                  class="relative z-10"
                >
                  Get Started
                </span>
                <svg
                  class="ml-2 h-5 w-5 inline transition-transform group-hover:translate-x-1"
                  data-testid="ChevronRight-icon"
                />
              </button>
              <div
                class="flex items-center justify-center text-sm text-white/60 mb-6"
              >
                <svg
                  class="h-4 w-4 mr-2 text-[#5afcc0]"
                  data-testid="Shield-icon"
                />
                <span>
                  10-day results guarantee
                </span>
              </div>
              <div
                class="space-y-3"
              >
                <p
                  class="text-sm font-medium text-white border-b border-white/10 pb-2 mb-3"
                >
                  FEATURES
                </p>
                <div
                  class="flex items-start"
                  initial="[object Object]"
                  transition="[object Object]"
                  viewport="[object Object]"
                  whileinview="[object Object]"
                >
                  <div
                    class="w-5 h-5 rounded-full bg-[#5afcc0]/10 flex items-center justify-center flex-shrink-0 mr-3 mt-0.5"
                  >
                    <svg
                      class="h-3 w-3 text-[#5afcc0]"
                      data-testid="Check-icon"
                    />
                  </div>
                  <span
                    class="text-white/80 text-sm"
                  >
                    Viral Blitz Cycle Framework (unlimited)
                  </span>
                </div>
                <div
                  class="flex items-start"
                  initial="[object Object]"
                  transition="[object Object]"
                  viewport="[object Object]"
                  whileinview="[object Object]"
                >
                  <div
                    class="w-5 h-5 rounded-full bg-[#5afcc0]/10 flex items-center justify-center flex-shrink-0 mr-3 mt-0.5"
                  >
                    <svg
                      class="h-3 w-3 text-[#5afcc0]"
                      data-testid="Check-icon"
                    />
                  </div>
                  <span
                    class="text-white/80 text-sm"
                  >
                    Idea Generator Framework (unlimited)
                  </span>
                </div>
                <div
                  class="flex items-start"
                  initial="[object Object]"
                  transition="[object Object]"
                  viewport="[object Object]"
                  whileinview="[object Object]"
                >
                  <div
                    class="w-5 h-5 rounded-full bg-[#5afcc0]/10 flex items-center justify-center flex-shrink-0 mr-3 mt-0.5"
                  >
                    <svg
                      class="h-3 w-3 text-[#5afcc0]"
                      data-testid="Check-icon"
                    />
                  </div>
                  <span
                    class="text-white/80 text-sm"
                  >
                    Unlimited posts
                  </span>
                </div>
                <div
                  class="flex items-start"
                  initial="[object Object]"
                  transition="[object Object]"
                  viewport="[object Object]"
                  whileinview="[object Object]"
                >
                  <div
                    class="w-5 h-5 rounded-full bg-[#5afcc0]/10 flex items-center justify-center flex-shrink-0 mr-3 mt-0.5"
                  >
                    <svg
                      class="h-3 w-3 text-[#5afcc0]"
                      data-testid="Check-icon"
                    />
                  </div>
                  <span
                    class="text-white/80 text-sm"
                  >
                    Multiple account sets
                  </span>
                </div>
                <div
                  class="flex items-start"
                  initial="[object Object]"
                  transition="[object Object]"
                  viewport="[object Object]"
                  whileinview="[object Object]"
                >
                  <div
                    class="w-5 h-5 rounded-full bg-[#5afcc0]/10 flex items-center justify-center flex-shrink-0 mr-3 mt-0.5"
                  >
                    <svg
                      class="h-3 w-3 text-[#5afcc0]"
                      data-testid="Check-icon"
                    />
                  </div>
                  <span
                    class="text-white/80 text-sm"
                  >
                    E-commerce integration
                  </span>
                </div>
                <div
                  class="flex items-start"
                  initial="[object Object]"
                  transition="[object Object]"
                  viewport="[object Object]"
                  whileinview="[object Object]"
                >
                  <div
                    class="w-5 h-5 rounded-full bg-[#5afcc0]/10 flex items-center justify-center flex-shrink-0 mr-3 mt-0.5"
                  >
                    <svg
                      class="h-3 w-3 text-[#5afcc0]"
                      data-testid="Check-icon"
                    />
                  </div>
                  <span
                    class="text-white/80 text-sm"
                  >
                    Advanced analytics & reporting
                  </span>
                </div>
              </div>
            </div>
            <div
              class="absolute -bottom-20 -left-20 w-64 h-64 bg-[#5afcc0]/10 rounded-full filter blur-3xl -z-10"
            />
          </div>
          <div
            class="relative rounded-2xl overflow-hidden backdrop-blur-sm border border-white/10 bg-black/40"
            initial="[object Object]"
            transition="[object Object]"
            viewport="[object Object]"
            whileinview="[object Object]"
          >
            <div
              class="p-8 relative"
            >
              <h3
                class="text-2xl font-bold text-white mb-2"
              >
                Team
              </h3>
              <p
                class="text-white/60 mb-6 min-h-[40px]"
              >
                $500/month
              </p>
              <div
                class="flex items-baseline mb-6"
              >
                <span
                  class="text-4xl font-bold text-white"
                >
                  $
                  6000
                </span>
                <span
                  class="text-white/60 ml-2"
                >
                  /year
                </span>
              </div>
              <div
                class="bg-[#5afcc0]/10 rounded-lg p-4 mb-6 border border-[#5afcc0]/20"
              >
                <div
                  class="flex items-start"
                >
                  <svg
                    class="h-5 w-5 text-[#5afcc0] mr-2 mt-0.5 flex-shrink-0"
                    data-testid="Sparkles-icon"
                  />
                  <div>
                    <p
                      class="text-[#5afcc0] font-medium"
                    >
                      Limited Time Bonuses
                    </p>
                    <p
                      class="text-sm text-white/70"
                    >
                      Template Generator & Hook Creator included ($899 value)
                    </p>
                  </div>
                </div>
              </div>
              <button
                class="w-full group relative py-3 px-6 rounded-lg font-semibold text-white transition-all duration-300 overflow-hidden mb-8 bg-[#8D5AFF] hover:bg-[#8D5AFF]/90"
              >
                <span
                  class="relative z-10"
                >
                  Select Plan
                </span>
                <svg
                  class="ml-2 h-5 w-5 inline transition-transform group-hover:translate-x-1"
                  data-testid="ChevronRight-icon"
                />
              </button>
              <div
                class="flex items-center justify-center text-sm text-white/60 mb-6"
              >
                <svg
                  class="h-4 w-4 mr-2 text-[#5afcc0]"
                  data-testid="Shield-icon"
                />
                <span>
                  10-day results guarantee
                </span>
              </div>
              <div
                class="space-y-3"
              >
                <p
                  class="text-sm font-medium text-white border-b border-white/10 pb-2 mb-3"
                >
                  FEATURES
                </p>
                <div
                  class="flex items-start"
                  initial="[object Object]"
                  transition="[object Object]"
                  viewport="[object Object]"
                  whileinview="[object Object]"
                >
                  <div
                    class="w-5 h-5 rounded-full bg-[#5afcc0]/10 flex items-center justify-center flex-shrink-0 mr-3 mt-0.5"
                  >
                    <svg
                      class="h-3 w-3 text-[#5afcc0]"
                      data-testid="Check-icon"
                    />
                  </div>
                  <span
                    class="text-white/80 text-sm"
                  >
                    Everything in Pro
                  </span>
                </div>
                <div
                  class="flex items-start"
                  initial="[object Object]"
                  transition="[object Object]"
                  viewport="[object Object]"
                  whileinview="[object Object]"
                >
                  <div
                    class="w-5 h-5 rounded-full bg-[#5afcc0]/10 flex items-center justify-center flex-shrink-0 mr-3 mt-0.5"
                  >
                    <svg
                      class="h-3 w-3 text-[#5afcc0]"
                      data-testid="Check-icon"
                    />
                  </div>
                  <span
                    class="text-white/80 text-sm"
                  >
                    Team dashboard access
                  </span>
                </div>
                <div
                  class="flex items-start"
                  initial="[object Object]"
                  transition="[object Object]"
                  viewport="[object Object]"
                  whileinview="[object Object]"
                >
                  <div
                    class="w-5 h-5 rounded-full bg-[#5afcc0]/10 flex items-center justify-center flex-shrink-0 mr-3 mt-0.5"
                  >
                    <svg
                      class="h-3 w-3 text-[#5afcc0]"
                      data-testid="Check-icon"
                    />
                  </div>
                  <span
                    class="text-white/80 text-sm"
                  >
                    Manage unlimited accounts
                  </span>
                </div>
                <div
                  class="flex items-start"
                  initial="[object Object]"
                  transition="[object Object]"
                  viewport="[object Object]"
                  whileinview="[object Object]"
                >
                  <div
                    class="w-5 h-5 rounded-full bg-[#5afcc0]/10 flex items-center justify-center flex-shrink-0 mr-3 mt-0.5"
                  >
                    <svg
                      class="h-3 w-3 text-[#5afcc0]"
                      data-testid="Check-icon"
                    />
                  </div>
                  <span
                    class="text-white/80 text-sm"
                  >
                    Brand Voice AI (for consistency)
                  </span>
                </div>
                <div
                  class="flex items-start"
                  initial="[object Object]"
                  transition="[object Object]"
                  viewport="[object Object]"
                  whileinview="[object Object]"
                >
                  <div
                    class="w-5 h-5 rounded-full bg-[#5afcc0]/10 flex items-center justify-center flex-shrink-0 mr-3 mt-0.5"
                  >
                    <svg
                      class="h-3 w-3 text-[#5afcc0]"
                      data-testid="Check-icon"
                    />
                  </div>
                  <span
                    class="text-white/80 text-sm"
                  >
                    Team collaboration mode
                  </span>
                </div>
                <div
                  class="flex items-start"
                  initial="[object Object]"
                  transition="[object Object]"
                  viewport="[object Object]"
                  whileinview="[object Object]"
                >
                  <div
                    class="w-5 h-5 rounded-full bg-[#5afcc0]/10 flex items-center justify-center flex-shrink-0 mr-3 mt-0.5"
                  >
                    <svg
                      class="h-3 w-3 text-[#5afcc0]"
                      data-testid="Check-icon"
                    />
                  </div>
                  <span
                    class="text-white/80 text-sm"
                  >
                    Priority support
                  </span>
                </div>
              </div>
            </div>
          </div>
        </div>
      </div>
    </div>
  </section>
</div>
`;
